  Determining projects to restore...
  All projects are up-to-date for restore.
D:\Udemy\CRM ΓÇô Customer Relationship Management System\CRM ΓÇô Customer Relationship Management System\obj\Debug\net8.0\Microsoft.CodeAnalysis.Razor.Compiler\Microsoft.NET.Sdk.Razor.SourceGenerators.RazorSourceGenerator\Views_Task_Index_cshtml.g.cs(498,19): error CS1026: ) expected [D:\Udemy\CRM ΓÇô Customer Relationship Management System\CRM ΓÇô Customer Relationship Management System\CRM ΓÇô Customer Relationship Management System.csproj]
D:\Udemy\CRM ΓÇô Customer Relationship Management System\CRM ΓÇô Customer Relationship Management System\obj\Debug\net8.0\Microsoft.CodeAnalysis.Razor.Compiler\Microsoft.NET.Sdk.Razor.SourceGenerators.RazorSourceGenerator\Views_Task_Index_cshtml.g.cs(498,19): error CS1002: ; expected [D:\Udemy\CRM ΓÇô Customer Relationship Management System\CRM ΓÇô Customer Relationship Management System\CRM ΓÇô Customer Relationship Management System.csproj]
D:\Udemy\CRM ΓÇô Customer Relationship Management System\CRM ΓÇô Customer Relationship Management System\obj\Debug\net8.0\Microsoft.CodeAnalysis.Razor.Compiler\Microsoft.NET.Sdk.Razor.SourceGenerators.RazorSourceGenerator\Views_Task_Index_cshtml.g.cs(498,19): error CS8641: 'else' cannot start a statement. [D:\Udemy\CRM ΓÇô Customer Relationship Management System\CRM ΓÇô Customer Relationship Management System\CRM ΓÇô Customer Relationship Management System.csproj]
D:\Udemy\CRM ΓÇô Customer Relationship Management System\CRM ΓÇô Customer Relationship Management System\obj\Debug\net8.0\Microsoft.CodeAnalysis.Razor.Compiler\Microsoft.NET.Sdk.Razor.SourceGenerators.RazorSourceGenerator\Views_Task_Index_cshtml.g.cs(498,19): error CS1003: Syntax error, '(' expected [D:\Udemy\CRM ΓÇô Customer Relationship Management System\CRM ΓÇô Customer Relationship Management System\CRM ΓÇô Customer Relationship Management System.csproj]
D:\Udemy\CRM ΓÇô Customer Relationship Management System\CRM ΓÇô Customer Relationship Management System\obj\Debug\net8.0\Microsoft.CodeAnalysis.Razor.Compiler\Microsoft.NET.Sdk.Razor.SourceGenerators.RazorSourceGenerator\Views_Task_Index_cshtml.g.cs(498,19): error CS1525: Invalid expression term 'else' [D:\Udemy\CRM ΓÇô Customer Relationship Management System\CRM ΓÇô Customer Relationship Management System\CRM ΓÇô Customer Relationship Management System.csproj]
D:\Udemy\CRM ΓÇô Customer Relationship Management System\CRM ΓÇô Customer Relationship Management System\Views\Task\Index.cshtml(69,38): error CS1525: Invalid expression term ')' [D:\Udemy\CRM ΓÇô Customer Relationship Management System\CRM ΓÇô Customer Relationship Management System\CRM ΓÇô Customer Relationship Management System.csproj]
D:\Udemy\CRM ΓÇô Customer Relationship Management System\CRM ΓÇô Customer Relationship Management System\Views\Task\Index.cshtml(69,38): error CS1002: ; expected [D:\Udemy\CRM ΓÇô Customer Relationship Management System\CRM ΓÇô Customer Relationship Management System\CRM ΓÇô Customer Relationship Management System.csproj]
D:\Udemy\CRM ΓÇô Customer Relationship Management System\CRM ΓÇô Customer Relationship Management System\Views\Task\Index.cshtml(69,38): error CS1513: } expected [D:\Udemy\CRM ΓÇô Customer Relationship Management System\CRM ΓÇô Customer Relationship Management System\CRM ΓÇô Customer Relationship Management System.csproj]
D:\Udemy\CRM ΓÇô Customer Relationship Management System\CRM ΓÇô Customer Relationship Management System\obj\Debug\net8.0\Microsoft.CodeAnalysis.Razor.Compiler\Microsoft.NET.Sdk.Razor.SourceGenerators.RazorSourceGenerator\Views_Task_Index_cshtml.g.cs(551,19): error CS1026: ) expected [D:\Udemy\CRM ΓÇô Customer Relationship Management System\CRM ΓÇô Customer Relationship Management System\CRM ΓÇô Customer Relationship Management System.csproj]
D:\Udemy\CRM ΓÇô Customer Relationship Management System\CRM ΓÇô Customer Relationship Management System\obj\Debug\net8.0\Microsoft.CodeAnalysis.Razor.Compiler\Microsoft.NET.Sdk.Razor.SourceGenerators.RazorSourceGenerator\Views_Task_Index_cshtml.g.cs(551,19): error CS1002: ; expected [D:\Udemy\CRM ΓÇô Customer Relationship Management System\CRM ΓÇô Customer Relationship Management System\CRM ΓÇô Customer Relationship Management System.csproj]
D:\Udemy\CRM ΓÇô Customer Relationship Management System\CRM ΓÇô Customer Relationship Management System\obj\Debug\net8.0\Microsoft.CodeAnalysis.Razor.Compiler\Microsoft.NET.Sdk.Razor.SourceGenerators.RazorSourceGenerator\Views_Task_Index_cshtml.g.cs(551,19): error CS8641: 'else' cannot start a statement. [D:\Udemy\CRM ΓÇô Customer Relationship Management System\CRM ΓÇô Customer Relationship Management System\CRM ΓÇô Customer Relationship Management System.csproj]
D:\Udemy\CRM ΓÇô Customer Relationship Management System\CRM ΓÇô Customer Relationship Management System\obj\Debug\net8.0\Microsoft.CodeAnalysis.Razor.Compiler\Microsoft.NET.Sdk.Razor.SourceGenerators.RazorSourceGenerator\Views_Task_Index_cshtml.g.cs(551,19): error CS1003: Syntax error, '(' expected [D:\Udemy\CRM ΓÇô Customer Relationship Management System\CRM ΓÇô Customer Relationship Management System\CRM ΓÇô Customer Relationship Management System.csproj]
D:\Udemy\CRM ΓÇô Customer Relationship Management System\CRM ΓÇô Customer Relationship Management System\obj\Debug\net8.0\Microsoft.CodeAnalysis.Razor.Compiler\Microsoft.NET.Sdk.Razor.SourceGenerators.RazorSourceGenerator\Views_Task_Index_cshtml.g.cs(551,19): error CS1525: Invalid expression term 'else' [D:\Udemy\CRM ΓÇô Customer Relationship Management System\CRM ΓÇô Customer Relationship Management System\CRM ΓÇô Customer Relationship Management System.csproj]
D:\Udemy\CRM ΓÇô Customer Relationship Management System\CRM ΓÇô Customer Relationship Management System\Views\Task\Index.cshtml(70,38): error CS1525: Invalid expression term ')' [D:\Udemy\CRM ΓÇô Customer Relationship Management System\CRM ΓÇô Customer Relationship Management System\CRM ΓÇô Customer Relationship Management System.csproj]
D:\Udemy\CRM ΓÇô Customer Relationship Management System\CRM ΓÇô Customer Relationship Management System\Views\Task\Index.cshtml(70,38): error CS1002: ; expected [D:\Udemy\CRM ΓÇô Customer Relationship Management System\CRM ΓÇô Customer Relationship Management System\CRM ΓÇô Customer Relationship Management System.csproj]
D:\Udemy\CRM ΓÇô Customer Relationship Management System\CRM ΓÇô Customer Relationship Management System\Views\Task\Index.cshtml(70,38): error CS1513: } expected [D:\Udemy\CRM ΓÇô Customer Relationship Management System\CRM ΓÇô Customer Relationship Management System\CRM ΓÇô Customer Relationship Management System.csproj]
D:\Udemy\CRM ΓÇô Customer Relationship Management System\CRM ΓÇô Customer Relationship Management System\obj\Debug\net8.0\Microsoft.CodeAnalysis.Razor.Compiler\Microsoft.NET.Sdk.Razor.SourceGenerators.RazorSourceGenerator\Views_Task_MyTasks_cshtml.g.cs(255,19): error CS1026: ) expected [D:\Udemy\CRM ΓÇô Customer Relationship Management System\CRM ΓÇô Customer Relationship Management System\CRM ΓÇô Customer Relationship Management System.csproj]
D:\Udemy\CRM ΓÇô Customer Relationship Management System\CRM ΓÇô Customer Relationship Management System\obj\Debug\net8.0\Microsoft.CodeAnalysis.Razor.Compiler\Microsoft.NET.Sdk.Razor.SourceGenerators.RazorSourceGenerator\Views_Task_MyTasks_cshtml.g.cs(255,19): error CS1002: ; expected [D:\Udemy\CRM ΓÇô Customer Relationship Management System\CRM ΓÇô Customer Relationship Management System\CRM ΓÇô Customer Relationship Management System.csproj]
D:\Udemy\CRM ΓÇô Customer Relationship Management System\CRM ΓÇô Customer Relationship Management System\obj\Debug\net8.0\Microsoft.CodeAnalysis.Razor.Compiler\Microsoft.NET.Sdk.Razor.SourceGenerators.RazorSourceGenerator\Views_Task_MyTasks_cshtml.g.cs(255,19): error CS8641: 'else' cannot start a statement. [D:\Udemy\CRM ΓÇô Customer Relationship Management System\CRM ΓÇô Customer Relationship Management System\CRM ΓÇô Customer Relationship Management System.csproj]
D:\Udemy\CRM ΓÇô Customer Relationship Management System\CRM ΓÇô Customer Relationship Management System\obj\Debug\net8.0\Microsoft.CodeAnalysis.Razor.Compiler\Microsoft.NET.Sdk.Razor.SourceGenerators.RazorSourceGenerator\Views_Task_MyTasks_cshtml.g.cs(255,19): error CS1003: Syntax error, '(' expected [D:\Udemy\CRM ΓÇô Customer Relationship Management System\CRM ΓÇô Customer Relationship Management System\CRM ΓÇô Customer Relationship Management System.csproj]
D:\Udemy\CRM ΓÇô Customer Relationship Management System\CRM ΓÇô Customer Relationship Management System\obj\Debug\net8.0\Microsoft.CodeAnalysis.Razor.Compiler\Microsoft.NET.Sdk.Razor.SourceGenerators.RazorSourceGenerator\Views_Task_MyTasks_cshtml.g.cs(255,19): error CS1525: Invalid expression term 'else' [D:\Udemy\CRM ΓÇô Customer Relationship Management System\CRM ΓÇô Customer Relationship Management System\CRM ΓÇô Customer Relationship Management System.csproj]
D:\Udemy\CRM ΓÇô Customer Relationship Management System\CRM ΓÇô Customer Relationship Management System\Views\Task\MyTasks.cshtml(41,38): error CS1525: Invalid expression term ')' [D:\Udemy\CRM ΓÇô Customer Relationship Management System\CRM ΓÇô Customer Relationship Management System\CRM ΓÇô Customer Relationship Management System.csproj]
D:\Udemy\CRM ΓÇô Customer Relationship Management System\CRM ΓÇô Customer Relationship Management System\Views\Task\MyTasks.cshtml(41,38): error CS1002: ; expected [D:\Udemy\CRM ΓÇô Customer Relationship Management System\CRM ΓÇô Customer Relationship Management System\CRM ΓÇô Customer Relationship Management System.csproj]
D:\Udemy\CRM ΓÇô Customer Relationship Management System\CRM ΓÇô Customer Relationship Management System\Views\Task\MyTasks.cshtml(41,38): error CS1513: } expected [D:\Udemy\CRM ΓÇô Customer Relationship Management System\CRM ΓÇô Customer Relationship Management System\CRM ΓÇô Customer Relationship Management System.csproj]
D:\Udemy\CRM ΓÇô Customer Relationship Management System\CRM ΓÇô Customer Relationship Management System\obj\Debug\net8.0\Microsoft.CodeAnalysis.Razor.Compiler\Microsoft.NET.Sdk.Razor.SourceGenerators.RazorSourceGenerator\Views_Task_MyTasks_cshtml.g.cs(275,19): error CS1026: ) expected [D:\Udemy\CRM ΓÇô Customer Relationship Management System\CRM ΓÇô Customer Relationship Management System\CRM ΓÇô Customer Relationship Management System.csproj]
D:\Udemy\CRM ΓÇô Customer Relationship Management System\CRM ΓÇô Customer Relationship Management System\obj\Debug\net8.0\Microsoft.CodeAnalysis.Razor.Compiler\Microsoft.NET.Sdk.Razor.SourceGenerators.RazorSourceGenerator\Views_Task_MyTasks_cshtml.g.cs(275,19): error CS1002: ; expected [D:\Udemy\CRM ΓÇô Customer Relationship Management System\CRM ΓÇô Customer Relationship Management System\CRM ΓÇô Customer Relationship Management System.csproj]
D:\Udemy\CRM ΓÇô Customer Relationship Management System\CRM ΓÇô Customer Relationship Management System\obj\Debug\net8.0\Microsoft.CodeAnalysis.Razor.Compiler\Microsoft.NET.Sdk.Razor.SourceGenerators.RazorSourceGenerator\Views_Task_MyTasks_cshtml.g.cs(275,19): error CS8641: 'else' cannot start a statement. [D:\Udemy\CRM ΓÇô Customer Relationship Management System\CRM ΓÇô Customer Relationship Management System\CRM ΓÇô Customer Relationship Management System.csproj]
D:\Udemy\CRM ΓÇô Customer Relationship Management System\CRM ΓÇô Customer Relationship Management System\obj\Debug\net8.0\Microsoft.CodeAnalysis.Razor.Compiler\Microsoft.NET.Sdk.Razor.SourceGenerators.RazorSourceGenerator\Views_Task_MyTasks_cshtml.g.cs(275,19): error CS1003: Syntax error, '(' expected [D:\Udemy\CRM ΓÇô Customer Relationship Management System\CRM ΓÇô Customer Relationship Management System\CRM ΓÇô Customer Relationship Management System.csproj]
D:\Udemy\CRM ΓÇô Customer Relationship Management System\CRM ΓÇô Customer Relationship Management System\obj\Debug\net8.0\Microsoft.CodeAnalysis.Razor.Compiler\Microsoft.NET.Sdk.Razor.SourceGenerators.RazorSourceGenerator\Views_Task_MyTasks_cshtml.g.cs(275,19): error CS1525: Invalid expression term 'else' [D:\Udemy\CRM ΓÇô Customer Relationship Management System\CRM ΓÇô Customer Relationship Management System\CRM ΓÇô Customer Relationship Management System.csproj]
D:\Udemy\CRM ΓÇô Customer Relationship Management System\CRM ΓÇô Customer Relationship Management System\Views\Task\MyTasks.cshtml(42,38): error CS1525: Invalid expression term ')' [D:\Udemy\CRM ΓÇô Customer Relationship Management System\CRM ΓÇô Customer Relationship Management System\CRM ΓÇô Customer Relationship Management System.csproj]
D:\Udemy\CRM ΓÇô Customer Relationship Management System\CRM ΓÇô Customer Relationship Management System\Views\Task\MyTasks.cshtml(42,38): error CS1002: ; expected [D:\Udemy\CRM ΓÇô Customer Relationship Management System\CRM ΓÇô Customer Relationship Management System\CRM ΓÇô Customer Relationship Management System.csproj]
D:\Udemy\CRM ΓÇô Customer Relationship Management System\CRM ΓÇô Customer Relationship Management System\Views\Task\MyTasks.cshtml(42,38): error CS1513: } expected [D:\Udemy\CRM ΓÇô Customer Relationship Management System\CRM ΓÇô Customer Relationship Management System\CRM ΓÇô Customer Relationship Management System.csproj]
D:\Udemy\CRM ΓÇô Customer Relationship Management System\CRM ΓÇô Customer Relationship Management System\obj\Debug\net8.0\Microsoft.CodeAnalysis.Razor.Compiler\Microsoft.NET.Sdk.Razor.SourceGenerators.RazorSourceGenerator\Views_Task_MyTasks_cshtml.g.cs(255,13): error CS1501: No overload for method 'Write' takes 0 arguments [D:\Udemy\CRM ΓÇô Customer Relationship Management System\CRM ΓÇô Customer Relationship Management System\CRM ΓÇô Customer Relationship Management System.csproj]
D:\Udemy\CRM ΓÇô Customer Relationship Management System\CRM ΓÇô Customer Relationship Management System\obj\Debug\net8.0\Microsoft.CodeAnalysis.Razor.Compiler\Microsoft.NET.Sdk.Razor.SourceGenerators.RazorSourceGenerator\Views_Task_MyTasks_cshtml.g.cs(275,13): error CS1501: No overload for method 'Write' takes 0 arguments [D:\Udemy\CRM ΓÇô Customer Relationship Management System\CRM ΓÇô Customer Relationship Management System\CRM ΓÇô Customer Relationship Management System.csproj]
D:\Udemy\CRM ΓÇô Customer Relationship Management System\CRM ΓÇô Customer Relationship Management System\Views\Task\MyTasks.cshtml(41,71): warning CS8602: Dereference of a possibly null reference. [D:\Udemy\CRM ΓÇô Customer Relationship Management System\CRM ΓÇô Customer Relationship Management System\CRM ΓÇô Customer Relationship Management System.csproj]
D:\Udemy\CRM ΓÇô Customer Relationship Management System\CRM ΓÇô Customer Relationship Management System\Views\Task\MyTasks.cshtml(42,71): warning CS8602: Dereference of a possibly null reference. [D:\Udemy\CRM ΓÇô Customer Relationship Management System\CRM ΓÇô Customer Relationship Management System\CRM ΓÇô Customer Relationship Management System.csproj]
D:\Udemy\CRM ΓÇô Customer Relationship Management System\CRM ΓÇô Customer Relationship Management System\Controllers\HomeController.cs(33,58): error CS0104: 'Activity' is an ambiguous reference between 'CRM___Customer_Relationship_Management_System.Models.Activity' and 'System.Diagnostics.Activity' [D:\Udemy\CRM ΓÇô Customer Relationship Management System\CRM ΓÇô Customer Relationship Management System\CRM ΓÇô Customer Relationship Management System.csproj]
D:\Udemy\CRM ΓÇô Customer Relationship Management System\CRM ΓÇô Customer Relationship Management System\obj\Debug\net8.0\Microsoft.CodeAnalysis.Razor.Compiler\Microsoft.NET.Sdk.Razor.SourceGenerators.RazorSourceGenerator\Views_Task_Index_cshtml.g.cs(498,13): error CS1501: No overload for method 'Write' takes 0 arguments [D:\Udemy\CRM ΓÇô Customer Relationship Management System\CRM ΓÇô Customer Relationship Management System\CRM ΓÇô Customer Relationship Management System.csproj]
D:\Udemy\CRM ΓÇô Customer Relationship Management System\CRM ΓÇô Customer Relationship Management System\obj\Debug\net8.0\Microsoft.CodeAnalysis.Razor.Compiler\Microsoft.NET.Sdk.Razor.SourceGenerators.RazorSourceGenerator\Views_Task_Index_cshtml.g.cs(551,13): error CS1501: No overload for method 'Write' takes 0 arguments [D:\Udemy\CRM ΓÇô Customer Relationship Management System\CRM ΓÇô Customer Relationship Management System\CRM ΓÇô Customer Relationship Management System.csproj]
D:\Udemy\CRM ΓÇô Customer Relationship Management System\CRM ΓÇô Customer Relationship Management System\Views\Task\Index.cshtml(69,139): warning CS8602: Dereference of a possibly null reference. [D:\Udemy\CRM ΓÇô Customer Relationship Management System\CRM ΓÇô Customer Relationship Management System\CRM ΓÇô Customer Relationship Management System.csproj]
D:\Udemy\CRM ΓÇô Customer Relationship Management System\CRM ΓÇô Customer Relationship Management System\Views\Task\Index.cshtml(70,139): warning CS8602: Dereference of a possibly null reference. [D:\Udemy\CRM ΓÇô Customer Relationship Management System\CRM ΓÇô Customer Relationship Management System\CRM ΓÇô Customer Relationship Management System.csproj]

Build FAILED.

D:\Udemy\CRM ΓÇô Customer Relationship Management System\CRM ΓÇô Customer Relationship Management System\Views\Task\MyTasks.cshtml(41,71): warning CS8602: Dereference of a possibly null reference. [D:\Udemy\CRM ΓÇô Customer Relationship Management System\CRM ΓÇô Customer Relationship Management System\CRM ΓÇô Customer Relationship Management System.csproj]
D:\Udemy\CRM ΓÇô Customer Relationship Management System\CRM ΓÇô Customer Relationship Management System\Views\Task\MyTasks.cshtml(42,71): warning CS8602: Dereference of a possibly null reference. [D:\Udemy\CRM ΓÇô Customer Relationship Management System\CRM ΓÇô Customer Relationship Management System\CRM ΓÇô Customer Relationship Management System.csproj]
D:\Udemy\CRM ΓÇô Customer Relationship Management System\CRM ΓÇô Customer Relationship Management System\Views\Task\Index.cshtml(69,139): warning CS8602: Dereference of a possibly null reference. [D:\Udemy\CRM ΓÇô Customer Relationship Management System\CRM ΓÇô Customer Relationship Management System\CRM ΓÇô Customer Relationship Management System.csproj]
D:\Udemy\CRM ΓÇô Customer Relationship Management System\CRM ΓÇô Customer Relationship Management System\Views\Task\Index.cshtml(70,139): warning CS8602: Dereference of a possibly null reference. [D:\Udemy\CRM ΓÇô Customer Relationship Management System\CRM ΓÇô Customer Relationship Management System\CRM ΓÇô Customer Relationship Management System.csproj]
D:\Udemy\CRM ΓÇô Customer Relationship Management System\CRM ΓÇô Customer Relationship Management System\obj\Debug\net8.0\Microsoft.CodeAnalysis.Razor.Compiler\Microsoft.NET.Sdk.Razor.SourceGenerators.RazorSourceGenerator\Views_Task_Index_cshtml.g.cs(498,19): error CS1026: ) expected [D:\Udemy\CRM ΓÇô Customer Relationship Management System\CRM ΓÇô Customer Relationship Management System\CRM ΓÇô Customer Relationship Management System.csproj]
D:\Udemy\CRM ΓÇô Customer Relationship Management System\CRM ΓÇô Customer Relationship Management System\obj\Debug\net8.0\Microsoft.CodeAnalysis.Razor.Compiler\Microsoft.NET.Sdk.Razor.SourceGenerators.RazorSourceGenerator\Views_Task_Index_cshtml.g.cs(498,19): error CS1002: ; expected [D:\Udemy\CRM ΓÇô Customer Relationship Management System\CRM ΓÇô Customer Relationship Management System\CRM ΓÇô Customer Relationship Management System.csproj]
D:\Udemy\CRM ΓÇô Customer Relationship Management System\CRM ΓÇô Customer Relationship Management System\obj\Debug\net8.0\Microsoft.CodeAnalysis.Razor.Compiler\Microsoft.NET.Sdk.Razor.SourceGenerators.RazorSourceGenerator\Views_Task_Index_cshtml.g.cs(498,19): error CS8641: 'else' cannot start a statement. [D:\Udemy\CRM ΓÇô Customer Relationship Management System\CRM ΓÇô Customer Relationship Management System\CRM ΓÇô Customer Relationship Management System.csproj]
D:\Udemy\CRM ΓÇô Customer Relationship Management System\CRM ΓÇô Customer Relationship Management System\obj\Debug\net8.0\Microsoft.CodeAnalysis.Razor.Compiler\Microsoft.NET.Sdk.Razor.SourceGenerators.RazorSourceGenerator\Views_Task_Index_cshtml.g.cs(498,19): error CS1003: Syntax error, '(' expected [D:\Udemy\CRM ΓÇô Customer Relationship Management System\CRM ΓÇô Customer Relationship Management System\CRM ΓÇô Customer Relationship Management System.csproj]
D:\Udemy\CRM ΓÇô Customer Relationship Management System\CRM ΓÇô Customer Relationship Management System\obj\Debug\net8.0\Microsoft.CodeAnalysis.Razor.Compiler\Microsoft.NET.Sdk.Razor.SourceGenerators.RazorSourceGenerator\Views_Task_Index_cshtml.g.cs(498,19): error CS1525: Invalid expression term 'else' [D:\Udemy\CRM ΓÇô Customer Relationship Management System\CRM ΓÇô Customer Relationship Management System\CRM ΓÇô Customer Relationship Management System.csproj]
D:\Udemy\CRM ΓÇô Customer Relationship Management System\CRM ΓÇô Customer Relationship Management System\Views\Task\Index.cshtml(69,38): error CS1525: Invalid expression term ')' [D:\Udemy\CRM ΓÇô Customer Relationship Management System\CRM ΓÇô Customer Relationship Management System\CRM ΓÇô Customer Relationship Management System.csproj]
D:\Udemy\CRM ΓÇô Customer Relationship Management System\CRM ΓÇô Customer Relationship Management System\Views\Task\Index.cshtml(69,38): error CS1002: ; expected [D:\Udemy\CRM ΓÇô Customer Relationship Management System\CRM ΓÇô Customer Relationship Management System\CRM ΓÇô Customer Relationship Management System.csproj]
D:\Udemy\CRM ΓÇô Customer Relationship Management System\CRM ΓÇô Customer Relationship Management System\Views\Task\Index.cshtml(69,38): error CS1513: } expected [D:\Udemy\CRM ΓÇô Customer Relationship Management System\CRM ΓÇô Customer Relationship Management System\CRM ΓÇô Customer Relationship Management System.csproj]
D:\Udemy\CRM ΓÇô Customer Relationship Management System\CRM ΓÇô Customer Relationship Management System\obj\Debug\net8.0\Microsoft.CodeAnalysis.Razor.Compiler\Microsoft.NET.Sdk.Razor.SourceGenerators.RazorSourceGenerator\Views_Task_Index_cshtml.g.cs(551,19): error CS1026: ) expected [D:\Udemy\CRM ΓÇô Customer Relationship Management System\CRM ΓÇô Customer Relationship Management System\CRM ΓÇô Customer Relationship Management System.csproj]
D:\Udemy\CRM ΓÇô Customer Relationship Management System\CRM ΓÇô Customer Relationship Management System\obj\Debug\net8.0\Microsoft.CodeAnalysis.Razor.Compiler\Microsoft.NET.Sdk.Razor.SourceGenerators.RazorSourceGenerator\Views_Task_Index_cshtml.g.cs(551,19): error CS1002: ; expected [D:\Udemy\CRM ΓÇô Customer Relationship Management System\CRM ΓÇô Customer Relationship Management System\CRM ΓÇô Customer Relationship Management System.csproj]
D:\Udemy\CRM ΓÇô Customer Relationship Management System\CRM ΓÇô Customer Relationship Management System\obj\Debug\net8.0\Microsoft.CodeAnalysis.Razor.Compiler\Microsoft.NET.Sdk.Razor.SourceGenerators.RazorSourceGenerator\Views_Task_Index_cshtml.g.cs(551,19): error CS8641: 'else' cannot start a statement. [D:\Udemy\CRM ΓÇô Customer Relationship Management System\CRM ΓÇô Customer Relationship Management System\CRM ΓÇô Customer Relationship Management System.csproj]
D:\Udemy\CRM ΓÇô Customer Relationship Management System\CRM ΓÇô Customer Relationship Management System\obj\Debug\net8.0\Microsoft.CodeAnalysis.Razor.Compiler\Microsoft.NET.Sdk.Razor.SourceGenerators.RazorSourceGenerator\Views_Task_Index_cshtml.g.cs(551,19): error CS1003: Syntax error, '(' expected [D:\Udemy\CRM ΓÇô Customer Relationship Management System\CRM ΓÇô Customer Relationship Management System\CRM ΓÇô Customer Relationship Management System.csproj]
D:\Udemy\CRM ΓÇô Customer Relationship Management System\CRM ΓÇô Customer Relationship Management System\obj\Debug\net8.0\Microsoft.CodeAnalysis.Razor.Compiler\Microsoft.NET.Sdk.Razor.SourceGenerators.RazorSourceGenerator\Views_Task_Index_cshtml.g.cs(551,19): error CS1525: Invalid expression term 'else' [D:\Udemy\CRM ΓÇô Customer Relationship Management System\CRM ΓÇô Customer Relationship Management System\CRM ΓÇô Customer Relationship Management System.csproj]
D:\Udemy\CRM ΓÇô Customer Relationship Management System\CRM ΓÇô Customer Relationship Management System\Views\Task\Index.cshtml(70,38): error CS1525: Invalid expression term ')' [D:\Udemy\CRM ΓÇô Customer Relationship Management System\CRM ΓÇô Customer Relationship Management System\CRM ΓÇô Customer Relationship Management System.csproj]
D:\Udemy\CRM ΓÇô Customer Relationship Management System\CRM ΓÇô Customer Relationship Management System\Views\Task\Index.cshtml(70,38): error CS1002: ; expected [D:\Udemy\CRM ΓÇô Customer Relationship Management System\CRM ΓÇô Customer Relationship Management System\CRM ΓÇô Customer Relationship Management System.csproj]
D:\Udemy\CRM ΓÇô Customer Relationship Management System\CRM ΓÇô Customer Relationship Management System\Views\Task\Index.cshtml(70,38): error CS1513: } expected [D:\Udemy\CRM ΓÇô Customer Relationship Management System\CRM ΓÇô Customer Relationship Management System\CRM ΓÇô Customer Relationship Management System.csproj]
D:\Udemy\CRM ΓÇô Customer Relationship Management System\CRM ΓÇô Customer Relationship Management System\obj\Debug\net8.0\Microsoft.CodeAnalysis.Razor.Compiler\Microsoft.NET.Sdk.Razor.SourceGenerators.RazorSourceGenerator\Views_Task_MyTasks_cshtml.g.cs(255,19): error CS1026: ) expected [D:\Udemy\CRM ΓÇô Customer Relationship Management System\CRM ΓÇô Customer Relationship Management System\CRM ΓÇô Customer Relationship Management System.csproj]
D:\Udemy\CRM ΓÇô Customer Relationship Management System\CRM ΓÇô Customer Relationship Management System\obj\Debug\net8.0\Microsoft.CodeAnalysis.Razor.Compiler\Microsoft.NET.Sdk.Razor.SourceGenerators.RazorSourceGenerator\Views_Task_MyTasks_cshtml.g.cs(255,19): error CS1002: ; expected [D:\Udemy\CRM ΓÇô Customer Relationship Management System\CRM ΓÇô Customer Relationship Management System\CRM ΓÇô Customer Relationship Management System.csproj]
D:\Udemy\CRM ΓÇô Customer Relationship Management System\CRM ΓÇô Customer Relationship Management System\obj\Debug\net8.0\Microsoft.CodeAnalysis.Razor.Compiler\Microsoft.NET.Sdk.Razor.SourceGenerators.RazorSourceGenerator\Views_Task_MyTasks_cshtml.g.cs(255,19): error CS8641: 'else' cannot start a statement. [D:\Udemy\CRM ΓÇô Customer Relationship Management System\CRM ΓÇô Customer Relationship Management System\CRM ΓÇô Customer Relationship Management System.csproj]
D:\Udemy\CRM ΓÇô Customer Relationship Management System\CRM ΓÇô Customer Relationship Management System\obj\Debug\net8.0\Microsoft.CodeAnalysis.Razor.Compiler\Microsoft.NET.Sdk.Razor.SourceGenerators.RazorSourceGenerator\Views_Task_MyTasks_cshtml.g.cs(255,19): error CS1003: Syntax error, '(' expected [D:\Udemy\CRM ΓÇô Customer Relationship Management System\CRM ΓÇô Customer Relationship Management System\CRM ΓÇô Customer Relationship Management System.csproj]
D:\Udemy\CRM ΓÇô Customer Relationship Management System\CRM ΓÇô Customer Relationship Management System\obj\Debug\net8.0\Microsoft.CodeAnalysis.Razor.Compiler\Microsoft.NET.Sdk.Razor.SourceGenerators.RazorSourceGenerator\Views_Task_MyTasks_cshtml.g.cs(255,19): error CS1525: Invalid expression term 'else' [D:\Udemy\CRM ΓÇô Customer Relationship Management System\CRM ΓÇô Customer Relationship Management System\CRM ΓÇô Customer Relationship Management System.csproj]
D:\Udemy\CRM ΓÇô Customer Relationship Management System\CRM ΓÇô Customer Relationship Management System\Views\Task\MyTasks.cshtml(41,38): error CS1525: Invalid expression term ')' [D:\Udemy\CRM ΓÇô Customer Relationship Management System\CRM ΓÇô Customer Relationship Management System\CRM ΓÇô Customer Relationship Management System.csproj]
D:\Udemy\CRM ΓÇô Customer Relationship Management System\CRM ΓÇô Customer Relationship Management System\Views\Task\MyTasks.cshtml(41,38): error CS1002: ; expected [D:\Udemy\CRM ΓÇô Customer Relationship Management System\CRM ΓÇô Customer Relationship Management System\CRM ΓÇô Customer Relationship Management System.csproj]
D:\Udemy\CRM ΓÇô Customer Relationship Management System\CRM ΓÇô Customer Relationship Management System\Views\Task\MyTasks.cshtml(41,38): error CS1513: } expected [D:\Udemy\CRM ΓÇô Customer Relationship Management System\CRM ΓÇô Customer Relationship Management System\CRM ΓÇô Customer Relationship Management System.csproj]
D:\Udemy\CRM ΓÇô Customer Relationship Management System\CRM ΓÇô Customer Relationship Management System\obj\Debug\net8.0\Microsoft.CodeAnalysis.Razor.Compiler\Microsoft.NET.Sdk.Razor.SourceGenerators.RazorSourceGenerator\Views_Task_MyTasks_cshtml.g.cs(275,19): error CS1026: ) expected [D:\Udemy\CRM ΓÇô Customer Relationship Management System\CRM ΓÇô Customer Relationship Management System\CRM ΓÇô Customer Relationship Management System.csproj]
D:\Udemy\CRM ΓÇô Customer Relationship Management System\CRM ΓÇô Customer Relationship Management System\obj\Debug\net8.0\Microsoft.CodeAnalysis.Razor.Compiler\Microsoft.NET.Sdk.Razor.SourceGenerators.RazorSourceGenerator\Views_Task_MyTasks_cshtml.g.cs(275,19): error CS1002: ; expected [D:\Udemy\CRM ΓÇô Customer Relationship Management System\CRM ΓÇô Customer Relationship Management System\CRM ΓÇô Customer Relationship Management System.csproj]
D:\Udemy\CRM ΓÇô Customer Relationship Management System\CRM ΓÇô Customer Relationship Management System\obj\Debug\net8.0\Microsoft.CodeAnalysis.Razor.Compiler\Microsoft.NET.Sdk.Razor.SourceGenerators.RazorSourceGenerator\Views_Task_MyTasks_cshtml.g.cs(275,19): error CS8641: 'else' cannot start a statement. [D:\Udemy\CRM ΓÇô Customer Relationship Management System\CRM ΓÇô Customer Relationship Management System\CRM ΓÇô Customer Relationship Management System.csproj]
D:\Udemy\CRM ΓÇô Customer Relationship Management System\CRM ΓÇô Customer Relationship Management System\obj\Debug\net8.0\Microsoft.CodeAnalysis.Razor.Compiler\Microsoft.NET.Sdk.Razor.SourceGenerators.RazorSourceGenerator\Views_Task_MyTasks_cshtml.g.cs(275,19): error CS1003: Syntax error, '(' expected [D:\Udemy\CRM ΓÇô Customer Relationship Management System\CRM ΓÇô Customer Relationship Management System\CRM ΓÇô Customer Relationship Management System.csproj]
D:\Udemy\CRM ΓÇô Customer Relationship Management System\CRM ΓÇô Customer Relationship Management System\obj\Debug\net8.0\Microsoft.CodeAnalysis.Razor.Compiler\Microsoft.NET.Sdk.Razor.SourceGenerators.RazorSourceGenerator\Views_Task_MyTasks_cshtml.g.cs(275,19): error CS1525: Invalid expression term 'else' [D:\Udemy\CRM ΓÇô Customer Relationship Management System\CRM ΓÇô Customer Relationship Management System\CRM ΓÇô Customer Relationship Management System.csproj]
D:\Udemy\CRM ΓÇô Customer Relationship Management System\CRM ΓÇô Customer Relationship Management System\Views\Task\MyTasks.cshtml(42,38): error CS1525: Invalid expression term ')' [D:\Udemy\CRM ΓÇô Customer Relationship Management System\CRM ΓÇô Customer Relationship Management System\CRM ΓÇô Customer Relationship Management System.csproj]
D:\Udemy\CRM ΓÇô Customer Relationship Management System\CRM ΓÇô Customer Relationship Management System\Views\Task\MyTasks.cshtml(42,38): error CS1002: ; expected [D:\Udemy\CRM ΓÇô Customer Relationship Management System\CRM ΓÇô Customer Relationship Management System\CRM ΓÇô Customer Relationship Management System.csproj]
D:\Udemy\CRM ΓÇô Customer Relationship Management System\CRM ΓÇô Customer Relationship Management System\Views\Task\MyTasks.cshtml(42,38): error CS1513: } expected [D:\Udemy\CRM ΓÇô Customer Relationship Management System\CRM ΓÇô Customer Relationship Management System\CRM ΓÇô Customer Relationship Management System.csproj]
D:\Udemy\CRM ΓÇô Customer Relationship Management System\CRM ΓÇô Customer Relationship Management System\obj\Debug\net8.0\Microsoft.CodeAnalysis.Razor.Compiler\Microsoft.NET.Sdk.Razor.SourceGenerators.RazorSourceGenerator\Views_Task_MyTasks_cshtml.g.cs(255,13): error CS1501: No overload for method 'Write' takes 0 arguments [D:\Udemy\CRM ΓÇô Customer Relationship Management System\CRM ΓÇô Customer Relationship Management System\CRM ΓÇô Customer Relationship Management System.csproj]
D:\Udemy\CRM ΓÇô Customer Relationship Management System\CRM ΓÇô Customer Relationship Management System\obj\Debug\net8.0\Microsoft.CodeAnalysis.Razor.Compiler\Microsoft.NET.Sdk.Razor.SourceGenerators.RazorSourceGenerator\Views_Task_MyTasks_cshtml.g.cs(275,13): error CS1501: No overload for method 'Write' takes 0 arguments [D:\Udemy\CRM ΓÇô Customer Relationship Management System\CRM ΓÇô Customer Relationship Management System\CRM ΓÇô Customer Relationship Management System.csproj]
D:\Udemy\CRM ΓÇô Customer Relationship Management System\CRM ΓÇô Customer Relationship Management System\Controllers\HomeController.cs(33,58): error CS0104: 'Activity' is an ambiguous reference between 'CRM___Customer_Relationship_Management_System.Models.Activity' and 'System.Diagnostics.Activity' [D:\Udemy\CRM ΓÇô Customer Relationship Management System\CRM ΓÇô Customer Relationship Management System\CRM ΓÇô Customer Relationship Management System.csproj]
D:\Udemy\CRM ΓÇô Customer Relationship Management System\CRM ΓÇô Customer Relationship Management System\obj\Debug\net8.0\Microsoft.CodeAnalysis.Razor.Compiler\Microsoft.NET.Sdk.Razor.SourceGenerators.RazorSourceGenerator\Views_Task_Index_cshtml.g.cs(498,13): error CS1501: No overload for method 'Write' takes 0 arguments [D:\Udemy\CRM ΓÇô Customer Relationship Management System\CRM ΓÇô Customer Relationship Management System\CRM ΓÇô Customer Relationship Management System.csproj]
D:\Udemy\CRM ΓÇô Customer Relationship Management System\CRM ΓÇô Customer Relationship Management System\obj\Debug\net8.0\Microsoft.CodeAnalysis.Razor.Compiler\Microsoft.NET.Sdk.Razor.SourceGenerators.RazorSourceGenerator\Views_Task_Index_cshtml.g.cs(551,13): error CS1501: No overload for method 'Write' takes 0 arguments [D:\Udemy\CRM ΓÇô Customer Relationship Management System\CRM ΓÇô Customer Relationship Management System\CRM ΓÇô Customer Relationship Management System.csproj]
    4 Warning(s)
    37 Error(s)

Time Elapsed 00:00:03.05

Workload updates are available. Run `dotnet workload list` for more information.
